[debug] [2026-06-13T16:43:33.811Z] ----------------------------------------------------------------------
[debug] [2026-06-13T16:43:33.814Z] Command:       C:\Program Files\nodejs\node.exe C:\Users\jyf\AppData\Roaming\npm\node_modules\firebase-tools\lib\bin\firebase.js init hosting
[debug] [2026-06-13T16:43:33.814Z] CLI Version:   14.26.0
[debug] [2026-06-13T16:43:33.814Z] Platform:      win32
[debug] [2026-06-13T16:43:33.814Z] Node Version:  v24.11.1
[debug] [2026-06-13T16:43:33.814Z] Time:          Sat Jun 13 2026 09:43:33 GMT-0700 (Pacific Daylight Time)
[debug] [2026-06-13T16:43:33.814Z] ----------------------------------------------------------------------
[debug] 
[debug] [2026-06-13T16:43:33.816Z] >>> [apiv2][query] GET https://firebase-public.firebaseio.com/cli.json [none]
[info] 
     ######## #### ########  ######## ########     ###     ######  ########
     ##        ##  ##     ## ##       ##     ##  ##   ##  ##       ##
     ######    ##  ########  ######   ########  #########  ######  ######
     ##        ##  ##    ##  ##       ##     ## ##     ##       ## ##
     ##       #### ##     ## ######## ########  ##     ##  ######  ########

You're about to initialize a Firebase project in this directory:

  C:\projects\MonsterMeterCC

Before we get started, keep in mind:

  * You are currently outside your home directory

[debug] [2026-06-13T16:43:34.098Z] <<< [apiv2][status] GET https://firebase-public.firebaseio.com/cli.json 200
[debug] [2026-06-13T16:43:34.099Z] <<< [apiv2][body] GET https://firebase-public.firebaseio.com/cli.json {"cloudBuildErrorAfter":1594252800000,"cloudBuildWarnAfter":1590019200000,"defaultNode10After":1594252800000,"minVersion":"3.0.5","node8DeploysDisabledAfter":1613390400000,"node8RuntimeDisabledAfter":1615809600000,"node8WarnAfter":1600128000000}
